--------------------------------------------------------------------------------------
Timing Analyzer Summary
--------------------------------------------------------------------------------------

Type           : Worst-case tsu
Slack          : N/A
Required Time  : None
Actual Time    : 13.461 ns
From           : data[2]
To             : my_reg:reg_1_reg_out|FF[19]~_Duplicate_5
From Clock     : --
To Clock       : clk
Failed Paths   : 0

Type           : Worst-case tco
Slack          : N/A
Required Time  : None
Actual Time    : 7.643 ns
From           : lpm_counter:invClkCounter|cntr_e1j:auto_generated|safe_q[2]
To             : s_reg[1]
From Clock     : clk
To Clock       : --
Failed Paths   : 0

Type           : Worst-case th
Slack          : N/A
Required Time  : None
Actual Time    : -5.038 ns
From           : data[12]
To             : my_reg:reg_3|FF[16]
From Clock     : --
To Clock       : clk
Failed Paths   : 0

Type           : Clock Setup: 'clk'
Slack          : N/A
Required Time  : None
Actual Time    : 148.35 MHz ( period = 6.741 ns )
From           : my_reg:reg_1_reg_out|FF[7]
To             : my_reg:reg_2|FF[25]
From Clock     : clk
To Clock       : clk
Failed Paths   : 0

Type           : Total number of failed paths
Slack          : 
Required Time  : 
Actual Time    : 
From           : 
To             : 
From Clock     : 
To Clock       : 
Failed Paths   : 0

--------------------------------------------------------------------------------------

