Analysis & Synthesis report for course_3_mult
Mon Jun 20 17:19:20 2022
Quartus II Version 9.0 Build 132 02/25/2009 SJ Full Version


---------------------
; Table of Contents ;
---------------------
  1. Legal Notice
  2. Analysis & Synthesis Summary
  3. Analysis & Synthesis Settings
  4. Analysis & Synthesis Source Files Read
  5. Analysis & Synthesis Resource Usage Summary
  6. Analysis & Synthesis Resource Utilization by Entity
  7. Analysis & Synthesis DSP Block Usage Summary
  8. Registers Removed During Synthesis
  9. General Register Statistics
 10. Source assignments for lpm_counter:invClkCounter
 11. Parameter Settings for User Entity Instance: Top-level Entity: |course_3_mult
 12. Parameter Settings for User Entity Instance: lpm_mult:mult_b1
 13. Parameter Settings for User Entity Instance: lpm_mult:mult_b
 14. Parameter Settings for User Entity Instance: lpm_mult:mult_a
 15. Parameter Settings for User Entity Instance: lpm_add_sub:add_1
 16. Parameter Settings for User Entity Instance: lpm_add_sub:add_2
 17. Parameter Settings for User Entity Instance: lpm_add_sub:add_3
 18. Parameter Settings for User Entity Instance: lpm_counter:invClkCounter
 19. Parameter Settings for User Entity Instance: lpm_mux:b_mux
 20. Parameter Settings for User Entity Instance: lpm_mux:a_mux
 21. Parameter Settings for User Entity Instance: lpm_mux:reg_mux
 22. Parameter Settings for User Entity Instance: my_reg:reg_1_reg_out
 23. Parameter Settings for User Entity Instance: my_reg:reg_2
 24. Parameter Settings for User Entity Instance: my_reg:reg_3
 25. Parameter Settings for User Entity Instance: my_reg:reg_4
 26. Parameter Settings for User Entity Instance: my_reg:reg_5
 27. Parameter Settings for User Entity Instance: my_reg:reg_0
 28. lpm_mult Parameter Settings by Entity Instance
 29. Analysis & Synthesis Messages



----------------
; Legal Notice ;
----------------
Copyright (C) 1991-2009 Altera Corporation
Your use of Altera Corporation's design tools, logic functions 
and other software and tools, and its AMPP partner logic 
functions, and any output files from any of the foregoing 
(including device programming or simulation files), and any 
associated documentation or information are expressly subject 
to the terms and conditions of the Altera Program License 
Subscription Agreement, Altera MegaCore Function License 
Agreement, or other applicable license agreement, including, 
without limitation, that your use is for the sole purpose of 
programming logic devices manufactured by Altera and sold by 
Altera or its authorized distributors.  Please refer to the 
applicable agreement for further details.



+-------------------------------------------------------------------------------+
; Analysis & Synthesis Summary                                                  ;
+------------------------------------+------------------------------------------+
; Analysis & Synthesis Status        ; Successful - Mon Jun 20 17:19:20 2022    ;
; Quartus II Version                 ; 9.0 Build 132 02/25/2009 SJ Full Version ;
; Revision Name                      ; course_3_mult                            ;
; Top-level Entity Name              ; course_3_mult                            ;
; Family                             ; Cyclone III                              ;
; Total logic elements               ; 392                                      ;
;     Total combinational functions  ; 320                                      ;
;     Dedicated logic registers      ; 126                                      ;
; Total registers                    ; 126                                      ;
; Total pins                         ; 61                                       ;
; Total virtual pins                 ; 0                                        ;
; Total memory bits                  ; 0                                        ;
; Embedded Multiplier 9-bit elements ; 21                                       ;
; Total PLLs                         ; 0                                        ;
+------------------------------------+------------------------------------------+


+----------------------------------------------------------------------------------------------------------+
; Analysis & Synthesis Settings                                                                            ;
+----------------------------------------------------------------+--------------------+--------------------+
; Option                                                         ; Setting            ; Default Value      ;
+----------------------------------------------------------------+--------------------+--------------------+
; Top-level entity name                                          ; course_3_mult      ; course_3_mult      ;
; Family name                                                    ; Cyclone III        ; Cyclone IV GX      ;
; Type of Retiming Performed During Resynthesis                  ; Full               ;                    ;
; Resynthesis Optimization Effort                                ; Normal             ;                    ;
; Physical Synthesis Level for Resynthesis                       ; Normal             ;                    ;
; Use Generated Physical Constraints File                        ; On                 ;                    ;
; Timing-Driven Synthesis                                        ; Off                ; On                 ;
; Synchronization Register Chain Length                          ; 2                  ; 3                  ;
; Use smart compilation                                          ; Off                ; Off                ;
; Restructure Multiplexers                                       ; Auto               ; Auto               ;
; Create Debugging Nodes for IP Cores                            ; Off                ; Off                ;
; Preserve fewer node names                                      ; On                 ; On                 ;
; Disable OpenCore Plus hardware evaluation                      ; Off                ; Off                ;
; Verilog Version                                                ; Verilog_2001       ; Verilog_2001       ;
; VHDL Version                                                   ; VHDL93             ; VHDL93             ;
; State Machine Processing                                       ; Auto               ; Auto               ;
; Safe State Machine                                             ; Off                ; Off                ;
; Extract Verilog State Machines                                 ; On                 ; On                 ;
; Extract VHDL State Machines                                    ; On                 ; On                 ;
; Ignore Verilog initial constructs                              ; Off                ; Off                ;
; Iteration limit for constant Verilog loops                     ; 5000               ; 5000               ;
; Iteration limit for non-constant Verilog loops                 ; 250                ; 250                ;
; Add Pass-Through Logic to Inferred RAMs                        ; On                 ; On                 ;
; Parallel Synthesis                                             ; Off                ; Off                ;
; DSP Block Balancing                                            ; Auto               ; Auto               ;
; NOT Gate Push-Back                                             ; On                 ; On                 ;
; Power-Up Don't Care                                            ; On                 ; On                 ;
; Remove Redundant Logic Cells                                   ; Off                ; Off                ;
; Remove Duplicate Registers                                     ; On                 ; On                 ;
; Ignore CARRY Buffers                                           ; Off                ; Off                ;
; Ignore CASCADE Buffers                                         ; Off                ; Off                ;
; Ignore GLOBAL Buffers                                          ; Off                ; Off                ;
; Ignore ROW GLOBAL Buffers                                      ; Off                ; Off                ;
; Ignore LCELL Buffers                                           ; Off                ; Off                ;
; Ignore SOFT Buffers                                            ; On                 ; On                 ;
; Limit AHDL Integers to 32 Bits                                 ; Off                ; Off                ;
; Optimization Technique                                         ; Balanced           ; Balanced           ;
; Carry Chain Length                                             ; 70                 ; 70                 ;
; Auto Carry Chains                                              ; On                 ; On                 ;
; Auto Open-Drain Pins                                           ; On                 ; On                 ;
; Perform WYSIWYG Primitive Resynthesis                          ; Off                ; Off                ;
; Auto ROM Replacement                                           ; On                 ; On                 ;
; Auto RAM Replacement                                           ; On                 ; On                 ;
; Auto DSP Block Replacement                                     ; On                 ; On                 ;
; Auto Shift Register Replacement                                ; Auto               ; Auto               ;
; Auto Clock Enable Replacement                                  ; On                 ; On                 ;
; Strict RAM Replacement                                         ; Off                ; Off                ;
; Allow Synchronous Control Signals                              ; On                 ; On                 ;
; Force Use of Synchronous Clear Signals                         ; Off                ; Off                ;
; Auto RAM Block Balancing                                       ; On                 ; On                 ;
; Auto RAM to Logic Cell Conversion                              ; Off                ; Off                ;
; Auto Resource Sharing                                          ; Off                ; Off                ;
; Allow Any RAM Size For Recognition                             ; Off                ; Off                ;
; Allow Any ROM Size For Recognition                             ; Off                ; Off                ;
; Allow Any Shift Register Size For Recognition                  ; Off                ; Off                ;
; Use LogicLock Constraints during Resource Balancing            ; On                 ; On                 ;
; Ignore translate_off and synthesis_off directives              ; Off                ; Off                ;
; Show Parameter Settings Tables in Synthesis Report             ; On                 ; On                 ;
; Ignore Maximum Fan-Out Assignments                             ; Off                ; Off                ;
; PowerPlay Power Optimization                                   ; Normal compilation ; Normal compilation ;
; HDL message level                                              ; Level2             ; Level2             ;
; Suppress Register Optimization Related Messages                ; Off                ; Off                ;
; Number of Removed Registers Reported in Synthesis Report       ; 5000               ; 5000               ;
; Number of Inverted Registers Reported in Synthesis Report      ; 100                ; 100                ;
; Clock MUX Protection                                           ; On                 ; On                 ;
; Auto Gated Clock Conversion                                    ; Off                ; Off                ;
; Block Design Naming                                            ; Auto               ; Auto               ;
; SDC constraint protection                                      ; Off                ; Off                ;
; Synthesis Effort                                               ; Auto               ; Auto               ;
; Allows Asynchronous Clear Usage For Shift Register Replacement ; On                 ; On                 ;
; Analysis & Synthesis Message Level                             ; Medium             ; Medium             ;
+----------------------------------------------------------------+--------------------+--------------------+


+-----------------------------------------------------------------------------------------------------------------------------------------------------------------------------+
; Analysis & Synthesis Source Files Read                                                                                                                                      ;
+----------------------------------+-----------------+------------------------------+-----------------------------------------------------------------------------------------+
; File Name with User-Entered Path ; Used in Netlist ; File Type                    ; File Name with Absolute Path                                                            ;
+----------------------------------+-----------------+------------------------------+-----------------------------------------------------------------------------------------+
; course_3_mult.tdf                ; yes             ; User AHDL File               ; F:/Flash/course/Goll/quartus/course_3_mult/course_3_mult.tdf                            ;
; my_reg.tdf                       ; yes             ; User AHDL File               ; F:/Flash/course/Goll/quartus/course_3_mult/my_reg.tdf                                   ;
; lpm_mult.inc                     ; yes             ; Auto-Found AHDL File         ; c:/program files/free/altera/90/quartus/libraries/megafunctions/lpm_mult.inc            ;
; lpm_mux.inc                      ; yes             ; Auto-Found AHDL File         ; c:/program files/free/altera/90/quartus/libraries/megafunctions/lpm_mux.inc             ;
; lpm_add_sub.inc                  ; yes             ; Megafunction                 ; c:/program files/free/altera/90/quartus/libraries/megafunctions/lpm_add_sub.inc         ;
; lpm_counter.inc                  ; yes             ; Megafunction                 ; c:/program files/free/altera/90/quartus/libraries/megafunctions/lpm_counter.inc         ;
; lpm_mult.tdf                     ; yes             ; Megafunction                 ; c:/program files/free/altera/90/quartus/libraries/megafunctions/lpm_mult.tdf            ;
; aglobal90.inc                    ; yes             ; Megafunction                 ; c:/program files/free/altera/90/quartus/libraries/megafunctions/aglobal90.inc           ;
; multcore.inc                     ; yes             ; Megafunction                 ; c:/program files/free/altera/90/quartus/libraries/megafunctions/multcore.inc            ;
; bypassff.inc                     ; yes             ; Megafunction                 ; c:/program files/free/altera/90/quartus/libraries/megafunctions/bypassff.inc            ;
; altshift.inc                     ; yes             ; Megafunction                 ; c:/program files/free/altera/90/quartus/libraries/megafunctions/altshift.inc            ;
; db/mult_mbp.tdf                  ; yes             ; Auto-Generated Megafunction  ; F:/Flash/course/Goll/quartus/course_3_mult/db/mult_mbp.tdf                              ;
; lpm_add_sub.tdf                  ; yes             ; Megafunction                 ; c:/program files/free/altera/90/quartus/libraries/megafunctions/lpm_add_sub.tdf         ;
; addcore.inc                      ; yes             ; Megafunction                 ; c:/program files/free/altera/90/quartus/libraries/megafunctions/addcore.inc             ;
; look_add.inc                     ; yes             ; Megafunction                 ; c:/program files/free/altera/90/quartus/libraries/megafunctions/look_add.inc            ;
; alt_stratix_add_sub.inc          ; yes             ; Megafunction                 ; c:/program files/free/altera/90/quartus/libraries/megafunctions/alt_stratix_add_sub.inc ;
; alt_mercury_add_sub.inc          ; yes             ; Megafunction                 ; c:/program files/free/altera/90/quartus/libraries/megafunctions/alt_mercury_add_sub.inc ;
; db/add_sub_dve.tdf               ; yes             ; Auto-Generated Megafunction  ; F:/Flash/course/Goll/quartus/course_3_mult/db/add_sub_dve.tdf                           ;
; lpm_counter.tdf                  ; yes             ; Megafunction                 ; c:/program files/free/altera/90/quartus/libraries/megafunctions/lpm_counter.tdf         ;
; lpm_constant.inc                 ; yes             ; Megafunction                 ; c:/program files/free/altera/90/quartus/libraries/megafunctions/lpm_constant.inc        ;
; lpm_decode.inc                   ; yes             ; Megafunction                 ; c:/program files/free/altera/90/quartus/libraries/megafunctions/lpm_decode.inc          ;
; cmpconst.inc                     ; yes             ; Megafunction                 ; c:/program files/free/altera/90/quartus/libraries/megafunctions/cmpconst.inc            ;
; lpm_compare.inc                  ; yes             ; Megafunction                 ; c:/program files/free/altera/90/quartus/libraries/megafunctions/lpm_compare.inc         ;
; dffeea.inc                       ; yes             ; Megafunction                 ; c:/program files/free/altera/90/quartus/libraries/megafunctions/dffeea.inc              ;
; alt_synch_counter.inc            ; yes             ; Megafunction                 ; c:/program files/free/altera/90/quartus/libraries/megafunctions/alt_synch_counter.inc   ;
; alt_synch_counter_f.inc          ; yes             ; Megafunction                 ; c:/program files/free/altera/90/quartus/libraries/megafunctions/alt_synch_counter_f.inc ;
; alt_counter_f10ke.inc            ; yes             ; Megafunction                 ; c:/program files/free/altera/90/quartus/libraries/megafunctions/alt_counter_f10ke.inc   ;
; alt_counter_stratix.inc          ; yes             ; Megafunction                 ; c:/program files/free/altera/90/quartus/libraries/megafunctions/alt_counter_stratix.inc ;
; db/cntr_j3j.tdf                  ; yes             ; Auto-Generated Megafunction  ; F:/Flash/course/Goll/quartus/course_3_mult/db/cntr_j3j.tdf                              ;
; db/cmpr_jfc.tdf                  ; yes             ; Auto-Generated Megafunction  ; F:/Flash/course/Goll/quartus/course_3_mult/db/cmpr_jfc.tdf                              ;
; lpm_mux.tdf                      ; yes             ; Megafunction                 ; c:/program files/free/altera/90/quartus/libraries/megafunctions/lpm_mux.tdf             ;
; muxlut.inc                       ; yes             ; Megafunction                 ; c:/program files/free/altera/90/quartus/libraries/megafunctions/muxlut.inc              ;
; db/mux_src.tdf                   ; yes             ; Auto-Generated Megafunction  ; F:/Flash/course/Goll/quartus/course_3_mult/db/mux_src.tdf                               ;
+----------------------------------+-----------------+------------------------------+-----------------------------------------------------------------------------------------+


+---------------------------------------------------------+
; Analysis & Synthesis Resource Usage Summary             ;
+---------------------------------------------+-----------+
; Resource                                    ; Usage     ;
+---------------------------------------------+-----------+
; Estimated Total logic elements              ; 392       ;
;                                             ;           ;
; Total combinational functions               ; 320       ;
; Logic element usage by number of LUT inputs ;           ;
;     -- 4 input functions                    ; 82        ;
;     -- 3 input functions                    ; 215       ;
;     -- <=2 input functions                  ; 23        ;
;                                             ;           ;
; Logic elements by mode                      ;           ;
;     -- normal mode                          ; 107       ;
;     -- arithmetic mode                      ; 213       ;
;                                             ;           ;
; Total registers                             ; 126       ;
;     -- Dedicated logic registers            ; 126       ;
;     -- I/O registers                        ; 0         ;
;                                             ;           ;
; I/O pins                                    ; 61        ;
; Embedded Multiplier 9-bit elements          ; 21        ;
; Maximum fan-out node                        ; clk~input ;
; Maximum fan-out                             ; 126       ;
; Total fan-out                               ; 1689      ;
; Average fan-out                             ; 2.85      ;
+---------------------------------------------+-----------+


+-------------------------------------------------------------------------------------------------------------------------------------------------------------------------------------------------------------------------------------------------+
; Analysis & Synthesis Resource Utilization by Entity                                                                                                                                                                                             ;
+------------------------------------+-------------------+--------------+-------------+--------------+---------+-----------+------+--------------+---------------------------------------------------------------------------------+--------------+
; Compilation Hierarchy Node         ; LC Combinationals ; LC Registers ; Memory Bits ; DSP Elements ; DSP 9x9 ; DSP 18x18 ; Pins ; Virtual Pins ; Full Hierarchy Name                                                             ; Library Name ;
+------------------------------------+-------------------+--------------+-------------+--------------+---------+-----------+------+--------------+---------------------------------------------------------------------------------+--------------+
; |course_3_mult                     ; 320 (11)          ; 126 (0)      ; 0           ; 21           ; 3       ; 9         ; 61   ; 0            ; |course_3_mult                                                                  ; work         ;
;    |lpm_add_sub:add_2|             ; 24 (0)            ; 0 (0)        ; 0           ; 0            ; 0       ; 0         ; 0    ; 0            ; |course_3_mult|lpm_add_sub:add_2                                                ; work         ;
;       |add_sub_dve:auto_generated| ; 24 (24)           ; 0 (0)        ; 0           ; 0            ; 0       ; 0         ; 0    ; 0            ; |course_3_mult|lpm_add_sub:add_2|add_sub_dve:auto_generated                     ; work         ;
;    |lpm_add_sub:add_3|             ; 24 (0)            ; 0 (0)        ; 0           ; 0            ; 0       ; 0         ; 0    ; 0            ; |course_3_mult|lpm_add_sub:add_3                                                ; work         ;
;       |add_sub_dve:auto_generated| ; 24 (24)           ; 0 (0)        ; 0           ; 0            ; 0       ; 0         ; 0    ; 0            ; |course_3_mult|lpm_add_sub:add_3|add_sub_dve:auto_generated                     ; work         ;
;    |lpm_counter:invClkCounter|     ; 10 (0)            ; 6 (0)        ; 0           ; 0            ; 0       ; 0         ; 0    ; 0            ; |course_3_mult|lpm_counter:invClkCounter                                        ; work         ;
;       |cntr_j3j:auto_generated|    ; 10 (8)            ; 6 (6)        ; 0           ; 0            ; 0       ; 0         ; 0    ; 0            ; |course_3_mult|lpm_counter:invClkCounter|cntr_j3j:auto_generated                ; work         ;
;          |cmpr_jfc:cmpr1|          ; 2 (2)             ; 0 (0)        ; 0           ; 0            ; 0       ; 0         ; 0    ; 0            ; |course_3_mult|lpm_counter:invClkCounter|cntr_j3j:auto_generated|cmpr_jfc:cmpr1 ; work         ;
;    |lpm_mult:mult_a|               ; 48 (0)            ; 0 (0)        ; 0           ; 7            ; 1       ; 3         ; 0    ; 0            ; |course_3_mult|lpm_mult:mult_a                                                  ; work         ;
;       |mult_mbp:auto_generated|    ; 48 (48)           ; 0 (0)        ; 0           ; 7            ; 1       ; 3         ; 0    ; 0            ; |course_3_mult|lpm_mult:mult_a|mult_mbp:auto_generated                          ; work         ;
;    |lpm_mult:mult_b1|              ; 48 (0)            ; 0 (0)        ; 0           ; 7            ; 1       ; 3         ; 0    ; 0            ; |course_3_mult|lpm_mult:mult_b1                                                 ; work         ;
;       |mult_mbp:auto_generated|    ; 48 (48)           ; 0 (0)        ; 0           ; 7            ; 1       ; 3         ; 0    ; 0            ; |course_3_mult|lpm_mult:mult_b1|mult_mbp:auto_generated                         ; work         ;
;    |lpm_mult:mult_b|               ; 48 (0)            ; 0 (0)        ; 0           ; 7            ; 1       ; 3         ; 0    ; 0            ; |course_3_mult|lpm_mult:mult_b                                                  ; work         ;
;       |mult_mbp:auto_generated|    ; 48 (48)           ; 0 (0)        ; 0           ; 7            ; 1       ; 3         ; 0    ; 0            ; |course_3_mult|lpm_mult:mult_b|mult_mbp:auto_generated                          ; work         ;
;    |lpm_mux:a_mux|                 ; 9 (0)             ; 0 (0)        ; 0           ; 0            ; 0       ; 0         ; 0    ; 0            ; |course_3_mult|lpm_mux:a_mux                                                    ; work         ;
;       |mux_src:auto_generated|     ; 9 (9)             ; 0 (0)        ; 0           ; 0            ; 0       ; 0         ; 0    ; 0            ; |course_3_mult|lpm_mux:a_mux|mux_src:auto_generated                             ; work         ;
;    |lpm_mux:b_mux|                 ; 1 (0)             ; 0 (0)        ; 0           ; 0            ; 0       ; 0         ; 0    ; 0            ; |course_3_mult|lpm_mux:b_mux                                                    ; work         ;
;       |mux_src:auto_generated|     ; 1 (1)             ; 0 (0)        ; 0           ; 0            ; 0       ; 0         ; 0    ; 0            ; |course_3_mult|lpm_mux:b_mux|mux_src:auto_generated                             ; work         ;
;    |lpm_mux:reg_mux|               ; 73 (0)            ; 0 (0)        ; 0           ; 0            ; 0       ; 0         ; 0    ; 0            ; |course_3_mult|lpm_mux:reg_mux                                                  ; work         ;
;       |mux_src:auto_generated|     ; 73 (73)           ; 0 (0)        ; 0           ; 0            ; 0       ; 0         ; 0    ; 0            ; |course_3_mult|lpm_mux:reg_mux|mux_src:auto_generated                           ; work         ;
;    |my_reg:reg_1_reg_out|          ; 24 (24)           ; 24 (24)      ; 0           ; 0            ; 0       ; 0         ; 0    ; 0            ; |course_3_mult|my_reg:reg_1_reg_out                                             ; work         ;
;    |my_reg:reg_2|                  ; 0 (0)             ; 24 (24)      ; 0           ; 0            ; 0       ; 0         ; 0    ; 0            ; |course_3_mult|my_reg:reg_2                                                     ; work         ;
;    |my_reg:reg_3|                  ; 0 (0)             ; 24 (24)      ; 0           ; 0            ; 0       ; 0         ; 0    ; 0            ; |course_3_mult|my_reg:reg_3                                                     ; work         ;
;    |my_reg:reg_4|                  ; 0 (0)             ; 24 (24)      ; 0           ; 0            ; 0       ; 0         ; 0    ; 0            ; |course_3_mult|my_reg:reg_4                                                     ; work         ;
;    |my_reg:reg_5|                  ; 0 (0)             ; 24 (24)      ; 0           ; 0            ; 0       ; 0         ; 0    ; 0            ; |course_3_mult|my_reg:reg_5                                                     ; work         ;
+------------------------------------+-------------------+--------------+-------------+--------------+---------+-----------+------+--------------+---------------------------------------------------------------------------------+--------------+
Note: For table entries with two numbers listed, the numbers in parentheses indicate the number of resources of the given type used by the specific entity alone. The numbers listed outside of parentheses indicate the total resources of the given type used by the specific entity and all of its sub-entities in the hierarchy.


+-----------------------------------------------------+
; Analysis & Synthesis DSP Block Usage Summary        ;
+---------------------------------------+-------------+
; Statistic                             ; Number Used ;
+---------------------------------------+-------------+
; Simple Multipliers (9-bit)            ; 3           ;
; Simple Multipliers (18-bit)           ; 9           ;
; Embedded Multiplier Blocks            ; --          ;
; Embedded Multiplier 9-bit elements    ; 21          ;
; Signed Embedded Multipliers           ; 3           ;
; Unsigned Embedded Multipliers         ; 3           ;
; Mixed Sign Embedded Multipliers       ; 6           ;
; Variable Sign Embedded Multipliers    ; 0           ;
; Dedicated Input Shift Register Chains ; 0           ;
+---------------------------------------+-------------+
Note: number of Embedded Multiplier Blocks used is only available after a successful fit.


+-------------------------------------------------------------------------------------+
; Registers Removed During Synthesis                                                  ;
+---------------------------------------+---------------------------------------------+
; Register name                         ; Reason for Removal                          ;
+---------------------------------------+---------------------------------------------+
; my_reg:reg_0|FF[1]                    ; Stuck at GND due to stuck port clock_enable ;
; Total Number of Removed Registers = 1 ;                                             ;
+---------------------------------------+---------------------------------------------+


+------------------------------------------------------+
; General Register Statistics                          ;
+----------------------------------------------+-------+
; Statistic                                    ; Value ;
+----------------------------------------------+-------+
; Total registers                              ; 126   ;
; Number of registers using Synchronous Clear  ; 0     ;
; Number of registers using Synchronous Load   ; 6     ;
; Number of registers using Asynchronous Clear ; 0     ;
; Number of registers using Asynchronous Load  ; 0     ;
; Number of registers using Clock Enable       ; 120   ;
; Number of registers using Preset             ; 0     ;
+----------------------------------------------+-------+


+--------------------------------------------------+
; Source assignments for lpm_counter:invClkCounter ;
+---------------------------+-------+------+-------+
; Assignment                ; Value ; From ; To    ;
+---------------------------+-------+------+-------+
; SUPPRESS_DA_RULE_INTERNAL ; a101  ; -    ; -     ;
; SUPPRESS_DA_RULE_INTERNAL ; s102  ; -    ; -     ;
; SUPPRESS_DA_RULE_INTERNAL ; s103  ; -    ; -     ;
+---------------------------+-------+------+-------+


+-------------------------------------------------------------------------------+
; Parameter Settings for User Entity Instance: Top-level Entity: |course_3_mult ;
+----------------+-------+------------------------------------------------------+
; Parameter Name ; Value ; Type                                                 ;
+----------------+-------+------------------------------------------------------+
; LPM_WIDTHS     ; 1     ; Untyped                                              ;
+----------------+-------+------------------------------------------------------+
Note: In order to hide this table in the UI and the text report file, please set the "Show Parameter Settings Tables in Synthesis Report" option in "Analysis and Synthesis Settings -> More Settings" to "Off".


+------------------------------------------------------------------------------------+
; Parameter Settings for User Entity Instance: lpm_mult:mult_b1                      ;
+------------------------------------------------+-------------+---------------------+
; Parameter Name                                 ; Value       ; Type                ;
+------------------------------------------------+-------------+---------------------+
; AUTO_CARRY_CHAINS                              ; ON          ; AUTO_CARRY          ;
; IGNORE_CARRY_BUFFERS                           ; OFF         ; IGNORE_CARRY        ;
; AUTO_CASCADE_CHAINS                            ; ON          ; AUTO_CASCADE        ;
; IGNORE_CASCADE_BUFFERS                         ; OFF         ; IGNORE_CASCADE      ;
; LPM_WIDTHA                                     ; 24          ; Untyped             ;
; LPM_WIDTHB                                     ; 24          ; Untyped             ;
; LPM_WIDTHP                                     ; 48          ; Untyped             ;
; LPM_WIDTHR                                     ; 0           ; Untyped             ;
; LPM_WIDTHS                                     ; 48          ; Untyped             ;
; LPM_REPRESENTATION                             ; SIGNED      ; Untyped             ;
; LPM_PIPELINE                                   ; 0           ; Untyped             ;
; LATENCY                                        ; 0           ; Untyped             ;
; INPUT_A_IS_CONSTANT                            ; NO          ; Untyped             ;
; INPUT_B_IS_CONSTANT                            ; YES         ; Untyped             ;
; USE_EAB                                        ; OFF         ; Untyped             ;
; MAXIMIZE_SPEED                                 ; 5           ; Untyped             ;
; DEVICE_FAMILY                                  ; Cyclone III ; Untyped             ;
; CARRY_CHAIN                                    ; MANUAL      ; Untyped             ;
; APEX20K_TECHNOLOGY_MAPPER                      ; LUT         ; TECH_MAPPER_APEX20K ;
; DEDICATED_MULTIPLIER_CIRCUITRY                 ; AUTO        ; Untyped             ;
; DEDICATED_MULTIPLIER_MIN_INPUT_WIDTH_FOR_AUTO  ; 0           ; Untyped             ;
; DEDICATED_MULTIPLIER_MIN_OUTPUT_WIDTH_FOR_AUTO ; 0           ; Untyped             ;
; CBXI_PARAMETER                                 ; mult_mbp    ; Untyped             ;
; INPUT_A_FIXED_VALUE                            ; Bx          ; Untyped             ;
; INPUT_B_FIXED_VALUE                            ; Bx          ; Untyped             ;
; USE_AHDL_IMPLEMENTATION                        ; OFF         ; Untyped             ;
+------------------------------------------------+-------------+---------------------+
Note: In order to hide this table in the UI and the text report file, please set the "Show Parameter Settings Tables in Synthesis Report" option in "Analysis and Synthesis Settings -> More Settings" to "Off".


+------------------------------------------------------------------------------------+
; Parameter Settings for User Entity Instance: lpm_mult:mult_b                       ;
+------------------------------------------------+-------------+---------------------+
; Parameter Name                                 ; Value       ; Type                ;
+------------------------------------------------+-------------+---------------------+
; AUTO_CARRY_CHAINS                              ; ON          ; AUTO_CARRY          ;
; IGNORE_CARRY_BUFFERS                           ; OFF         ; IGNORE_CARRY        ;
; AUTO_CASCADE_CHAINS                            ; ON          ; AUTO_CASCADE        ;
; IGNORE_CASCADE_BUFFERS                         ; OFF         ; IGNORE_CASCADE      ;
; LPM_WIDTHA                                     ; 24          ; Untyped             ;
; LPM_WIDTHB                                     ; 24          ; Untyped             ;
; LPM_WIDTHP                                     ; 48          ; Untyped             ;
; LPM_WIDTHR                                     ; 0           ; Untyped             ;
; LPM_WIDTHS                                     ; 48          ; Untyped             ;
; LPM_REPRESENTATION                             ; SIGNED      ; Untyped             ;
; LPM_PIPELINE                                   ; 0           ; Untyped             ;
; LATENCY                                        ; 0           ; Untyped             ;
; INPUT_A_IS_CONSTANT                            ; NO          ; Untyped             ;
; INPUT_B_IS_CONSTANT                            ; YES         ; Untyped             ;
; USE_EAB                                        ; OFF         ; Untyped             ;
; MAXIMIZE_SPEED                                 ; 5           ; Untyped             ;
; DEVICE_FAMILY                                  ; Cyclone III ; Untyped             ;
; CARRY_CHAIN                                    ; MANUAL      ; Untyped             ;
; APEX20K_TECHNOLOGY_MAPPER                      ; LUT         ; TECH_MAPPER_APEX20K ;
; DEDICATED_MULTIPLIER_CIRCUITRY                 ; AUTO        ; Untyped             ;
; DEDICATED_MULTIPLIER_MIN_INPUT_WIDTH_FOR_AUTO  ; 0           ; Untyped             ;
; DEDICATED_MULTIPLIER_MIN_OUTPUT_WIDTH_FOR_AUTO ; 0           ; Untyped             ;
; CBXI_PARAMETER                                 ; mult_mbp    ; Untyped             ;
; INPUT_A_FIXED_VALUE                            ; Bx          ; Untyped             ;
; INPUT_B_FIXED_VALUE                            ; Bx          ; Untyped             ;
; USE_AHDL_IMPLEMENTATION                        ; OFF         ; Untyped             ;
+------------------------------------------------+-------------+---------------------+
Note: In order to hide this table in the UI and the text report file, please set the "Show Parameter Settings Tables in Synthesis Report" option in "Analysis and Synthesis Settings -> More Settings" to "Off".


+------------------------------------------------------------------------------------+
; Parameter Settings for User Entity Instance: lpm_mult:mult_a                       ;
+------------------------------------------------+-------------+---------------------+
; Parameter Name                                 ; Value       ; Type                ;
+------------------------------------------------+-------------+---------------------+
; AUTO_CARRY_CHAINS                              ; ON          ; AUTO_CARRY          ;
; IGNORE_CARRY_BUFFERS                           ; OFF         ; IGNORE_CARRY        ;
; AUTO_CASCADE_CHAINS                            ; ON          ; AUTO_CASCADE        ;
; IGNORE_CASCADE_BUFFERS                         ; OFF         ; IGNORE_CASCADE      ;
; LPM_WIDTHA                                     ; 24          ; Untyped             ;
; LPM_WIDTHB                                     ; 24          ; Untyped             ;
; LPM_WIDTHP                                     ; 48          ; Untyped             ;
; LPM_WIDTHR                                     ; 0           ; Untyped             ;
; LPM_WIDTHS                                     ; 48          ; Untyped             ;
; LPM_REPRESENTATION                             ; SIGNED      ; Untyped             ;
; LPM_PIPELINE                                   ; 0           ; Untyped             ;
; LATENCY                                        ; 0           ; Untyped             ;
; INPUT_A_IS_CONSTANT                            ; NO          ; Untyped             ;
; INPUT_B_IS_CONSTANT                            ; YES         ; Untyped             ;
; USE_EAB                                        ; OFF         ; Untyped             ;
; MAXIMIZE_SPEED                                 ; 5           ; Untyped             ;
; DEVICE_FAMILY                                  ; Cyclone III ; Untyped             ;
; CARRY_CHAIN                                    ; MANUAL      ; Untyped             ;
; APEX20K_TECHNOLOGY_MAPPER                      ; LUT         ; TECH_MAPPER_APEX20K ;
; DEDICATED_MULTIPLIER_CIRCUITRY                 ; AUTO        ; Untyped             ;
; DEDICATED_MULTIPLIER_MIN_INPUT_WIDTH_FOR_AUTO  ; 0           ; Untyped             ;
; DEDICATED_MULTIPLIER_MIN_OUTPUT_WIDTH_FOR_AUTO ; 0           ; Untyped             ;
; CBXI_PARAMETER                                 ; mult_mbp    ; Untyped             ;
; INPUT_A_FIXED_VALUE                            ; Bx          ; Untyped             ;
; INPUT_B_FIXED_VALUE                            ; Bx          ; Untyped             ;
; USE_AHDL_IMPLEMENTATION                        ; OFF         ; Untyped             ;
+------------------------------------------------+-------------+---------------------+
Note: In order to hide this table in the UI and the text report file, please set the "Show Parameter Settings Tables in Synthesis Report" option in "Analysis and Synthesis Settings -> More Settings" to "Off".


+----------------------------------------------------------------+
; Parameter Settings for User Entity Instance: lpm_add_sub:add_1 ;
+------------------------+-------------+-------------------------+
; Parameter Name         ; Value       ; Type                    ;
+------------------------+-------------+-------------------------+
; LPM_WIDTH              ; 24          ; Untyped                 ;
; LPM_REPRESENTATION     ; SIGNED      ; Untyped                 ;
; LPM_DIRECTION          ; add         ; Untyped                 ;
; ONE_INPUT_IS_CONSTANT  ; NO          ; Untyped                 ;
; LPM_PIPELINE           ; 0           ; Untyped                 ;
; MAXIMIZE_SPEED         ; 5           ; Untyped                 ;
; REGISTERED_AT_END      ; 0           ; Untyped                 ;
; OPTIMIZE_FOR_SPEED     ; 5           ; Untyped                 ;
; USE_CS_BUFFERS         ; 1           ; Untyped                 ;
; CARRY_CHAIN            ; MANUAL      ; Untyped                 ;
; CARRY_CHAIN_LENGTH     ; 48          ; CARRY_CHAIN_LENGTH      ;
; DEVICE_FAMILY          ; Cyclone III ; Untyped                 ;
; USE_WYS                ; OFF         ; Untyped                 ;
; STYLE                  ; FAST        ; Untyped                 ;
; CBXI_PARAMETER         ; add_sub_dve ; Untyped                 ;
; AUTO_CARRY_CHAINS      ; ON          ; AUTO_CARRY              ;
; IGNORE_CARRY_BUFFERS   ; OFF         ; IGNORE_CARRY            ;
; AUTO_CASCADE_CHAINS    ; ON          ; AUTO_CASCADE            ;
; IGNORE_CASCADE_BUFFERS ; OFF         ; IGNORE_CASCADE          ;
+------------------------+-------------+-------------------------+
Note: In order to hide this table in the UI and the text report file, please set the "Show Parameter Settings Tables in Synthesis Report" option in "Analysis and Synthesis Settings -> More Settings" to "Off".


+----------------------------------------------------------------+
; Parameter Settings for User Entity Instance: lpm_add_sub:add_2 ;
+------------------------+-------------+-------------------------+
; Parameter Name         ; Value       ; Type                    ;
+------------------------+-------------+-------------------------+
; LPM_WIDTH              ; 24          ; Untyped                 ;
; LPM_REPRESENTATION     ; SIGNED      ; Untyped                 ;
; LPM_DIRECTION          ; add         ; Untyped                 ;
; ONE_INPUT_IS_CONSTANT  ; NO          ; Untyped                 ;
; LPM_PIPELINE           ; 0           ; Untyped                 ;
; MAXIMIZE_SPEED         ; 5           ; Untyped                 ;
; REGISTERED_AT_END      ; 0           ; Untyped                 ;
; OPTIMIZE_FOR_SPEED     ; 5           ; Untyped                 ;
; USE_CS_BUFFERS         ; 1           ; Untyped                 ;
; CARRY_CHAIN            ; MANUAL      ; Untyped                 ;
; CARRY_CHAIN_LENGTH     ; 48          ; CARRY_CHAIN_LENGTH      ;
; DEVICE_FAMILY          ; Cyclone III ; Untyped                 ;
; USE_WYS                ; OFF         ; Untyped                 ;
; STYLE                  ; FAST        ; Untyped                 ;
; CBXI_PARAMETER         ; add_sub_dve ; Untyped                 ;
; AUTO_CARRY_CHAINS      ; ON          ; AUTO_CARRY              ;
; IGNORE_CARRY_BUFFERS   ; OFF         ; IGNORE_CARRY            ;
; AUTO_CASCADE_CHAINS    ; ON          ; AUTO_CASCADE            ;
; IGNORE_CASCADE_BUFFERS ; OFF         ; IGNORE_CASCADE          ;
+------------------------+-------------+-------------------------+
Note: In order to hide this table in the UI and the text report file, please set the "Show Parameter Settings Tables in Synthesis Report" option in "Analysis and Synthesis Settings -> More Settings" to "Off".


+----------------------------------------------------------------+
; Parameter Settings for User Entity Instance: lpm_add_sub:add_3 ;
+------------------------+-------------+-------------------------+
; Parameter Name         ; Value       ; Type                    ;
+------------------------+-------------+-------------------------+
; LPM_WIDTH              ; 24          ; Untyped                 ;
; LPM_REPRESENTATION     ; SIGNED      ; Untyped                 ;
; LPM_DIRECTION          ; add         ; Untyped                 ;
; ONE_INPUT_IS_CONSTANT  ; NO          ; Untyped                 ;
; LPM_PIPELINE           ; 0           ; Untyped                 ;
; MAXIMIZE_SPEED         ; 5           ; Untyped                 ;
; REGISTERED_AT_END      ; 0           ; Untyped                 ;
; OPTIMIZE_FOR_SPEED     ; 5           ; Untyped                 ;
; USE_CS_BUFFERS         ; 1           ; Untyped                 ;
; CARRY_CHAIN            ; MANUAL      ; Untyped                 ;
; CARRY_CHAIN_LENGTH     ; 48          ; CARRY_CHAIN_LENGTH      ;
; DEVICE_FAMILY          ; Cyclone III ; Untyped                 ;
; USE_WYS                ; OFF         ; Untyped                 ;
; STYLE                  ; FAST        ; Untyped                 ;
; CBXI_PARAMETER         ; add_sub_dve ; Untyped                 ;
; AUTO_CARRY_CHAINS      ; ON          ; AUTO_CARRY              ;
; IGNORE_CARRY_BUFFERS   ; OFF         ; IGNORE_CARRY            ;
; AUTO_CASCADE_CHAINS    ; ON          ; AUTO_CASCADE            ;
; IGNORE_CASCADE_BUFFERS ; OFF         ; IGNORE_CASCADE          ;
+------------------------+-------------+-------------------------+
Note: In order to hide this table in the UI and the text report file, please set the "Show Parameter Settings Tables in Synthesis Report" option in "Analysis and Synthesis Settings -> More Settings" to "Off".


+------------------------------------------------------------------------+
; Parameter Settings for User Entity Instance: lpm_counter:invClkCounter ;
+------------------------+-------------------+---------------------------+
; Parameter Name         ; Value             ; Type                      ;
+------------------------+-------------------+---------------------------+
; AUTO_CARRY_CHAINS      ; ON                ; AUTO_CARRY                ;
; IGNORE_CARRY_BUFFERS   ; OFF               ; IGNORE_CARRY              ;
; AUTO_CASCADE_CHAINS    ; ON                ; AUTO_CASCADE              ;
; IGNORE_CASCADE_BUFFERS ; OFF               ; IGNORE_CASCADE            ;
; LPM_WIDTH              ; 6                 ; Untyped                   ;
; LPM_DIRECTION          ; UP                ; Untyped                   ;
; LPM_MODULUS            ; 20                ; Untyped                   ;
; LPM_AVALUE             ; UNUSED            ; Untyped                   ;
; LPM_SVALUE             ; UNUSED            ; Untyped                   ;
; LPM_PORT_UPDOWN        ; PORT_CONNECTIVITY ; Untyped                   ;
; DEVICE_FAMILY          ; Cyclone III       ; Untyped                   ;
; CARRY_CHAIN            ; MANUAL            ; Untyped                   ;
; CARRY_CHAIN_LENGTH     ; 48                ; CARRY_CHAIN_LENGTH        ;
; NOT_GATE_PUSH_BACK     ; ON                ; NOT_GATE_PUSH_BACK        ;
; CARRY_CNT_EN           ; SMART             ; Untyped                   ;
; LABWIDE_SCLR           ; ON                ; Untyped                   ;
; USE_NEW_VERSION        ; TRUE              ; Untyped                   ;
; CBXI_PARAMETER         ; cntr_j3j          ; Untyped                   ;
+------------------------+-------------------+---------------------------+
Note: In order to hide this table in the UI and the text report file, please set the "Show Parameter Settings Tables in Synthesis Report" option in "Analysis and Synthesis Settings -> More Settings" to "Off".


+------------------------------------------------------------+
; Parameter Settings for User Entity Instance: lpm_mux:b_mux ;
+------------------------+-------------+---------------------+
; Parameter Name         ; Value       ; Type                ;
+------------------------+-------------+---------------------+
; AUTO_CARRY_CHAINS      ; ON          ; AUTO_CARRY          ;
; IGNORE_CARRY_BUFFERS   ; OFF         ; IGNORE_CARRY        ;
; AUTO_CASCADE_CHAINS    ; ON          ; AUTO_CASCADE        ;
; IGNORE_CASCADE_BUFFERS ; OFF         ; IGNORE_CASCADE      ;
; LPM_WIDTH              ; 24          ; Untyped             ;
; LPM_SIZE               ; 6           ; Untyped             ;
; LPM_WIDTHS             ; 6           ; Untyped             ;
; LPM_PIPELINE           ; 0           ; Untyped             ;
; CBXI_PARAMETER         ; mux_src     ; Untyped             ;
; DEVICE_FAMILY          ; Cyclone III ; Untyped             ;
+------------------------+-------------+---------------------+
Note: In order to hide this table in the UI and the text report file, please set the "Show Parameter Settings Tables in Synthesis Report" option in "Analysis and Synthesis Settings -> More Settings" to "Off".


+------------------------------------------------------------+
; Parameter Settings for User Entity Instance: lpm_mux:a_mux ;
+------------------------+-------------+---------------------+
; Parameter Name         ; Value       ; Type                ;
+------------------------+-------------+---------------------+
; AUTO_CARRY_CHAINS      ; ON          ; AUTO_CARRY          ;
; IGNORE_CARRY_BUFFERS   ; OFF         ; IGNORE_CARRY        ;
; AUTO_CASCADE_CHAINS    ; ON          ; AUTO_CASCADE        ;
; IGNORE_CASCADE_BUFFERS ; OFF         ; IGNORE_CASCADE      ;
; LPM_WIDTH              ; 24          ; Untyped             ;
; LPM_SIZE               ; 6           ; Untyped             ;
; LPM_WIDTHS             ; 6           ; Untyped             ;
; LPM_PIPELINE           ; 0           ; Untyped             ;
; CBXI_PARAMETER         ; mux_src     ; Untyped             ;
; DEVICE_FAMILY          ; Cyclone III ; Untyped             ;
+------------------------+-------------+---------------------+
Note: In order to hide this table in the UI and the text report file, please set the "Show Parameter Settings Tables in Synthesis Report" option in "Analysis and Synthesis Settings -> More Settings" to "Off".


+--------------------------------------------------------------+
; Parameter Settings for User Entity Instance: lpm_mux:reg_mux ;
+------------------------+-------------+-----------------------+
; Parameter Name         ; Value       ; Type                  ;
+------------------------+-------------+-----------------------+
; AUTO_CARRY_CHAINS      ; ON          ; AUTO_CARRY            ;
; IGNORE_CARRY_BUFFERS   ; OFF         ; IGNORE_CARRY          ;
; AUTO_CASCADE_CHAINS    ; ON          ; AUTO_CASCADE          ;
; IGNORE_CASCADE_BUFFERS ; OFF         ; IGNORE_CASCADE        ;
; LPM_WIDTH              ; 24          ; Untyped               ;
; LPM_SIZE               ; 6           ; Untyped               ;
; LPM_WIDTHS             ; 6           ; Untyped               ;
; LPM_PIPELINE           ; 0           ; Untyped               ;
; CBXI_PARAMETER         ; mux_src     ; Untyped               ;
; DEVICE_FAMILY          ; Cyclone III ; Untyped               ;
+------------------------+-------------+-----------------------+
Note: In order to hide this table in the UI and the text report file, please set the "Show Parameter Settings Tables in Synthesis Report" option in "Analysis and Synthesis Settings -> More Settings" to "Off".


+-------------------------------------------------------------------+
; Parameter Settings for User Entity Instance: my_reg:reg_1_reg_out ;
+----------------+-------+------------------------------------------+
; Parameter Name ; Value ; Type                                     ;
+----------------+-------+------------------------------------------+
; lenght_reg     ; 24    ; Untyped                                  ;
+----------------+-------+------------------------------------------+
Note: In order to hide this table in the UI and the text report file, please set the "Show Parameter Settings Tables in Synthesis Report" option in "Analysis and Synthesis Settings -> More Settings" to "Off".


+-----------------------------------------------------------+
; Parameter Settings for User Entity Instance: my_reg:reg_2 ;
+----------------+-------+----------------------------------+
; Parameter Name ; Value ; Type                             ;
+----------------+-------+----------------------------------+
; lenght_reg     ; 24    ; Untyped                          ;
+----------------+-------+----------------------------------+
Note: In order to hide this table in the UI and the text report file, please set the "Show Parameter Settings Tables in Synthesis Report" option in "Analysis and Synthesis Settings -> More Settings" to "Off".


+-----------------------------------------------------------+
; Parameter Settings for User Entity Instance: my_reg:reg_3 ;
+----------------+-------+----------------------------------+
; Parameter Name ; Value ; Type                             ;
+----------------+-------+----------------------------------+
; lenght_reg     ; 24    ; Untyped                          ;
+----------------+-------+----------------------------------+
Note: In order to hide this table in the UI and the text report file, please set the "Show Parameter Settings Tables in Synthesis Report" option in "Analysis and Synthesis Settings -> More Settings" to "Off".


+-----------------------------------------------------------+
; Parameter Settings for User Entity Instance: my_reg:reg_4 ;
+----------------+-------+----------------------------------+
; Parameter Name ; Value ; Type                             ;
+----------------+-------+----------------------------------+
; lenght_reg     ; 24    ; Untyped                          ;
+----------------+-------+----------------------------------+
Note: In order to hide this table in the UI and the text report file, please set the "Show Parameter Settings Tables in Synthesis Report" option in "Analysis and Synthesis Settings -> More Settings" to "Off".


+-----------------------------------------------------------+
; Parameter Settings for User Entity Instance: my_reg:reg_5 ;
+----------------+-------+----------------------------------+
; Parameter Name ; Value ; Type                             ;
+----------------+-------+----------------------------------+
; lenght_reg     ; 24    ; Untyped                          ;
+----------------+-------+----------------------------------+
Note: In order to hide this table in the UI and the text report file, please set the "Show Parameter Settings Tables in Synthesis Report" option in "Analysis and Synthesis Settings -> More Settings" to "Off".


+-----------------------------------------------------------+
; Parameter Settings for User Entity Instance: my_reg:reg_0 ;
+----------------+-------+----------------------------------+
; Parameter Name ; Value ; Type                             ;
+----------------+-------+----------------------------------+
; lenght_reg     ; 1     ; Untyped                          ;
+----------------+-------+----------------------------------+
Note: In order to hide this table in the UI and the text report file, please set the "Show Parameter Settings Tables in Synthesis Report" option in "Analysis and Synthesis Settings -> More Settings" to "Off".


+----------------------------------------------------------+
; lpm_mult Parameter Settings by Entity Instance           ;
+---------------------------------------+------------------+
; Name                                  ; Value            ;
+---------------------------------------+------------------+
; Number of entity instances            ; 3                ;
; Entity Instance                       ; lpm_mult:mult_b1 ;
;     -- LPM_WIDTHA                     ; 24               ;
;     -- LPM_WIDTHB                     ; 24               ;
;     -- LPM_WIDTHP                     ; 48               ;
;     -- LPM_REPRESENTATION             ; SIGNED           ;
;     -- INPUT_A_IS_CONSTANT            ; NO               ;
;     -- INPUT_B_IS_CONSTANT            ; YES              ;
;     -- USE_EAB                        ; OFF              ;
;     -- DEDICATED_MULTIPLIER_CIRCUITRY ; AUTO             ;
;     -- INPUT_A_FIXED_VALUE            ; Bx               ;
;     -- INPUT_B_FIXED_VALUE            ; Bx               ;
; Entity Instance                       ; lpm_mult:mult_b  ;
;     -- LPM_WIDTHA                     ; 24               ;
;     -- LPM_WIDTHB                     ; 24               ;
;     -- LPM_WIDTHP                     ; 48               ;
;     -- LPM_REPRESENTATION             ; SIGNED           ;
;     -- INPUT_A_IS_CONSTANT            ; NO               ;
;     -- INPUT_B_IS_CONSTANT            ; YES              ;
;     -- USE_EAB                        ; OFF              ;
;     -- DEDICATED_MULTIPLIER_CIRCUITRY ; AUTO             ;
;     -- INPUT_A_FIXED_VALUE            ; Bx               ;
;     -- INPUT_B_FIXED_VALUE            ; Bx               ;
; Entity Instance                       ; lpm_mult:mult_a  ;
;     -- LPM_WIDTHA                     ; 24               ;
;     -- LPM_WIDTHB                     ; 24               ;
;     -- LPM_WIDTHP                     ; 48               ;
;     -- LPM_REPRESENTATION             ; SIGNED           ;
;     -- INPUT_A_IS_CONSTANT            ; NO               ;
;     -- INPUT_B_IS_CONSTANT            ; YES              ;
;     -- USE_EAB                        ; OFF              ;
;     -- DEDICATED_MULTIPLIER_CIRCUITRY ; AUTO             ;
;     -- INPUT_A_FIXED_VALUE            ; Bx               ;
;     -- INPUT_B_FIXED_VALUE            ; Bx               ;
+---------------------------------------+------------------+


+-------------------------------+
; Analysis & Synthesis Messages ;
+-------------------------------+
Info: *******************************************************************
Info: Running Quartus II Analysis & Synthesis
    Info: Version 9.0 Build 132 02/25/2009 SJ Full Version
    Info: Processing started: Mon Jun 20 17:19:18 2022
Info: Command: quartus_map --read_settings_files=on --write_settings_files=off course_3_mult -c course_3_mult
Info: Found 1 design units, including 1 entities, in source file course_3_mult.tdf
    Info: Found entity 1: course_3_mult
Info: Found 1 design units, including 1 entities, in source file my_reg.tdf
    Info: Found entity 1: my_reg
Info: Elaborating entity "course_3_mult" for the top level hierarchy
Info: Elaborating entity "lpm_mult" for hierarchy "lpm_mult:mult_b1"
Info: Elaborated megafunction instantiation "lpm_mult:mult_b1"
Info: Instantiated megafunction "lpm_mult:mult_b1" with the following parameter:
    Info: Parameter "LPM_WIDTHA" = "24"
    Info: Parameter "LPM_WIDTHB" = "24"
    Info: Parameter "LPM_WIDTHP" = "48"
    Info: Parameter "LPM_WIDTHS" = "48"
    Info: Parameter "LPM_REPRESENTATION" = "SIGNED"
    Info: Parameter "INPUT_B_IS_CONSTANT" = "YES"
Info: Found 1 design units, including 1 entities, in source file db/mult_mbp.tdf
    Info: Found entity 1: mult_mbp
Info: Elaborating entity "mult_mbp" for hierarchy "lpm_mult:mult_b1|mult_mbp:auto_generated"
Info: Elaborating entity "lpm_mult" for hierarchy "lpm_mult:mult_b"
Info: Elaborated megafunction instantiation "lpm_mult:mult_b"
Info: Instantiated megafunction "lpm_mult:mult_b" with the following parameter:
    Info: Parameter "LPM_WIDTHA" = "24"
    Info: Parameter "LPM_WIDTHB" = "24"
    Info: Parameter "LPM_WIDTHP" = "48"
    Info: Parameter "LPM_WIDTHS" = "48"
    Info: Parameter "LPM_REPRESENTATION" = "SIGNED"
    Info: Parameter "INPUT_B_IS_CONSTANT" = "YES"
Info: Elaborating entity "lpm_add_sub" for hierarchy "lpm_add_sub:add_1"
Info: Elaborated megafunction instantiation "lpm_add_sub:add_1"
Info: Instantiated megafunction "lpm_add_sub:add_1" with the following parameter:
    Info: Parameter "LPM_WIDTH" = "24"
    Info: Parameter "LPM_REPRESENTATION" = "SIGNED"
    Info: Parameter "LPM_DIRECTION" = "add"
Info: Found 1 design units, including 1 entities, in source file db/add_sub_dve.tdf
    Info: Found entity 1: add_sub_dve
Info: Elaborating entity "add_sub_dve" for hierarchy "lpm_add_sub:add_1|add_sub_dve:auto_generated"
Info: Elaborating entity "lpm_counter" for hierarchy "lpm_counter:invClkCounter"
Info: Elaborated megafunction instantiation "lpm_counter:invClkCounter"
Info: Instantiated megafunction "lpm_counter:invClkCounter" with the following parameter:
    Info: Parameter "LPM_WIDTH" = "6"
    Info: Parameter "LPM_DIRECTION" = "UP"
    Info: Parameter "LPM_MODULUS" = "20"
Info: Found 1 design units, including 1 entities, in source file db/cntr_j3j.tdf
    Info: Found entity 1: cntr_j3j
Info: Elaborating entity "cntr_j3j" for hierarchy "lpm_counter:invClkCounter|cntr_j3j:auto_generated"
Info: Found 1 design units, including 1 entities, in source file db/cmpr_jfc.tdf
    Info: Found entity 1: cmpr_jfc
Info: Elaborating entity "cmpr_jfc" for hierarchy "lpm_counter:invClkCounter|cntr_j3j:auto_generated|cmpr_jfc:cmpr1"
Info: Elaborating entity "lpm_mux" for hierarchy "lpm_mux:b_mux"
Warning: Assertion warning: More select lines than neccessary have been specified. 3 MSB bit(s) of sel port will be discarded.
Info: Elaborated megafunction instantiation "lpm_mux:b_mux"
Info: Instantiated megafunction "lpm_mux:b_mux" with the following parameter:
    Info: Parameter "LPM_WIDTH" = "24"
    Info: Parameter "LPM_SIZE" = "6"
    Info: Parameter "LPM_WIDTHS" = "6"
Warning: Assertion warning: More select lines than necessary have been specified. 3 MSB(bits) of sel port will be discarded
Info: Found 1 design units, including 1 entities, in source file db/mux_src.tdf
    Info: Found entity 1: mux_src
Info: Elaborating entity "mux_src" for hierarchy "lpm_mux:b_mux|mux_src:auto_generated"
Info: Elaborating entity "lpm_mux" for hierarchy "lpm_mux:a_mux"
Warning: Assertion warning: More select lines than neccessary have been specified. 3 MSB bit(s) of sel port will be discarded.
Info: Elaborated megafunction instantiation "lpm_mux:a_mux"
Info: Instantiated megafunction "lpm_mux:a_mux" with the following parameter:
    Info: Parameter "LPM_WIDTH" = "24"
    Info: Parameter "LPM_SIZE" = "6"
    Info: Parameter "LPM_WIDTHS" = "6"
Info: Elaborating entity "lpm_mux" for hierarchy "lpm_mux:reg_mux"
Warning: Assertion warning: More select lines than neccessary have been specified. 3 MSB bit(s) of sel port will be discarded.
Info: Elaborated megafunction instantiation "lpm_mux:reg_mux"
Info: Instantiated megafunction "lpm_mux:reg_mux" with the following parameter:
    Info: Parameter "LPM_WIDTH" = "24"
    Info: Parameter "LPM_SIZE" = "6"
    Info: Parameter "LPM_WIDTHS" = "6"
Info: Elaborating entity "my_reg" for hierarchy "my_reg:reg_1_reg_out"
Info: Elaborating entity "my_reg" for hierarchy "my_reg:reg_0"
Info: Ignored 486 buffer(s)
    Info: Ignored 486 SOFT buffer(s)
Warning: Output pins are stuck at VCC or GND
    Warning (13410): Pin "s_reg[0]" is stuck at GND
Info: Implemented 498 device resources after synthesis - the final resource count might be different
    Info: Implemented 25 input pins
    Info: Implemented 36 output pins
    Info: Implemented 416 logic cells
    Info: Implemented 21 DSP elements
Info: Quartus II Analysis & Synthesis was successful. 0 errors, 6 warnings
    Info: Peak virtual memory: 217 megabytes
    Info: Processing ended: Mon Jun 20 17:19:21 2022
    Info: Elapsed time: 00:00:03
    Info: Total CPU time (on all processors): 00:00:02


